// Jest Snapshot v1, https://goo.gl/fbAQLP

exports[`SwapRouter gas tests #exactInput 0 -> 1 -> 2 1`] = `226757`;

exports[`SwapRouter gas tests #exactInput 0 -> 1 1`] = `160954`;

exports[`SwapRouter gas tests #exactInput 0 -> 1 minimal 1`] = `103541`;

exports[`SwapRouter gas tests #exactInput 0 -> WETH9 1`] = `178666`;

exports[`SwapRouter gas tests #exactInput 2 trades (via router) 1`] = `242295`;

exports[`SwapRouter gas tests #exactInput 3 trades (directly to sender) 1`] = `313566`;

exports[`SwapRouter gas tests #exactInput WETH9 -> 0 1`] = `159267`;

exports[`SwapRouter gas tests #exactInputSingle 0 -> 1 1`] = `160236`;

exports[`SwapRouter gas tests #exactInputSingle 0 -> WETH9 1`] = `177947`;

exports[`SwapRouter gas tests #exactInputSingle WETH9 -> 0 1`] = `158689`;

exports[`SwapRouter gas tests #exactOutput 0 -> 1 -> 2 1`] = `220750`;

exports[`SwapRouter gas tests #exactOutput 0 -> 1 1`] = `162182`;

exports[`SwapRouter gas tests #exactOutput 0 -> WETH9 1`] = `179874`;

exports[`SwapRouter gas tests #exactOutput WETH9 -> 0 1`] = `170587`;

exports[`SwapRouter gas tests #exactOutputSingle 0 -> 1 1`] = `162238`;

exports[`SwapRouter gas tests #exactOutputSingle 0 -> WETH9 1`] = `179941`;

exports[`SwapRouter gas tests #exactOutputSingle WETH9 -> 0 1`] = `166286`;

exports[`SwapRouter gas tests 3 trades (directly to sender) 1`] = `232165`;
