// Jest Snapshot v1, https://goo.gl/fbAQLP

exports[`NonfungiblePositionManager #burn gas 1`] = `110028`;

exports[`NonfungiblePositionManager #collect gas transfers both 1`] = `177566`;

exports[`NonfungiblePositionManager #collect gas transfers token0 only 1`] = `170511`;

exports[`NonfungiblePositionManager #collect gas transfers token1 only 1`] = `170718`;

exports[`NonfungiblePositionManager #decreaseLiquidity gas complete decrease 1`] = `197632`;

exports[`NonfungiblePositionManager #decreaseLiquidity gas partial decrease 1`] = `219166`;

exports[`NonfungiblePositionManager #increaseLiquidity gas 1`] = `233881`;

exports[`NonfungiblePositionManager #mint gas first mint for pool 1`] = `720024`;

exports[`NonfungiblePositionManager #mint gas first mint for pool using eth with non-zero refund 1`] = `727631`;

exports[`NonfungiblePositionManager #mint gas first mint for pool using eth with zero refund 1`] = `720406`;

exports[`NonfungiblePositionManager #mint gas mint for same pool, different ticks 1`] = `529724`;

exports[`NonfungiblePositionManager #mint gas mint on same ticks 1`] = `422602`;

exports[`NonfungiblePositionManager #permit owned by eoa gas 1`] = `69320`;

exports[`NonfungiblePositionManager #permit owned by verifying contract gas 1`] = `73159`;

exports[`NonfungiblePositionManager #positions gas 1`] = `22098`;

exports[`NonfungiblePositionManager #transferFrom, approve gas 1`] = `153370`;

exports[`NonfungiblePositionManager #transferFrom, approve gas comes from approved 1`] = `151941`;

exports[`NonfungiblePositionManager bytecode size 1`] = `24292`;

exports[`NonfungiblePositionManager multicall exit gas 1`] = `280911`;
